cxdfdfdf
